// Jest Snapshot v1, https://goo.gl/fbAQLP

exports[`renders the reviews top-level component 1`] = `
<div
  id="reviews"
>
  <div>
    <h3>
      Sort by
    </h3>
  </div>
  <div>
    <h1>
      reviews render here
    </h1>
  </div>
</div>
`;
