// Jest Snapshot v1, https://goo.gl/fbAQLP

exports[`renders the summary sub-component 1`] = `
<div
  className="summary"
>
  <div
    className="header"
  >
    <h4>
      What 
      5
       People Are Saying
    </h4>
  </div>
  <div
    className="sub-header"
  >
    <p>
      Overall ratings and reviews
    </p>
  </div>
  <div
    className="center"
  >
    <div
      className="left"
    >
      <p
        className="disclaimer"
      >
        Reviews can only be made by diners who have eaten at this restaurant
      </p>
      <div
        className="overallStars"
      >
        <div
          className="stars"
        >
          <div
            className="review-star"
          />
          <div
            className="review-star"
          />
          <div
            className="review-star"
          />
          <div
            className="review-star"
          />
          <div
            className="review-star"
          />
        </div>
        <p>
          0.4
           based on recent ratings
        </p>
      </div>
      <div
        className="overallRatings"
      >
        <div
          className="food"
        >
          <p
            className="rating"
          >
            4.5
          </p>
          <p>
            Food
          </p>
        </div>
        <div
          className="service"
        >
          <p
            className="rating"
          >
            5
          </p>
          <p>
            Service
          </p>
        </div>
        <div
          className="ambience"
        >
          <p
            className="rating"
          >
            4.5
          </p>
          <p>
            Ambience
          </p>
        </div>
        <div
          className="value"
        >
          <p
            className="rating"
          >
            4
          </p>
          <p>
            Value
          </p>
        </div>
      </div>
      <div
        className="noise"
      >
        <div
          className="noise-icon"
        />
        <span>
          Noise · 
          Average
        </span>
      </div>
      <div
        className="recommend"
      >
        <div
          className="recommend-icon"
        />
        <span>
          <strong>
            36
            % of people
          </strong>
           would recommend it to a friend
        </span>
      </div>
    </div>
    <div
      className="right"
    >
      <div
        className="bars"
      >
        <div
          className="bar"
        >
          <span>
            1
          </span>
          <div
            className="bar-container"
            id="bar1"
          >
            <div
              className="progress n-stars"
            />
          </div>
        </div>
        <div
          className="bar"
        >
          <span>
            2
          </span>
          <div
            className="bar-container"
            id="bar2"
          >
            <div
              className="progress n-stars"
            />
          </div>
        </div>
        <div
          className="bar"
        >
          <span>
            3
          </span>
          <div
            className="bar-container"
            id="bar3"
          >
            <div
              className="progress n-stars"
            />
          </div>
        </div>
        <div
          className="bar"
        >
          <span>
            4
          </span>
          <div
            className="bar-container"
            id="bar4"
          >
            <div
              className="progress n-stars"
            />
          </div>
        </div>
        <div
          className="bar"
        >
          <span>
            5
          </span>
          <div
            className="bar-container"
            id="bar5"
          >
            <div
              className="progress n-stars"
            />
          </div>
        </div>
      </div>
    </div>
  </div>
  <div
    className="summary-bottom"
  >
    <div
      className="link"
    >
      <a>
        Best Restaurants in 
        West Ernieville
         ›
      </a>
    </div>
  </div>
</div>
`;
